\BOOKMARK [1][-]{section.1}{\376\377\000W\000s\000t\001\031\000p}{}% 1
\BOOKMARK [2][-]{subsection.1.1}{\376\377\000S\000f\000o\000r\000m\000o\000w\000a\000n\000i\000e\000\040\000p\000r\000o\000b\000l\000e\000m\000u}{section.1}% 2
\BOOKMARK [2][-]{subsection.1.2}{\376\377\000C\000e\000l\000\040\000i\000\040\000z\000a\000k\000r\000e\000s\000\040\000p\000r\000a\000c\000y}{section.1}% 3
\BOOKMARK [2][-]{subsection.1.3}{\376\377\000U\000k\001\102\000a\000d\000\040\000p\000r\000a\000c\000y}{section.1}% 4
\BOOKMARK [1][-]{section.2}{\376\377\000P\000r\000z\000e\000g\000l\001\005\000d\000\040\000l\000i\000t\000e\000r\000a\000t\000u\000r\000y}{}% 5
\BOOKMARK [2][-]{subsection.2.1}{\376\377\000P\000r\000z\000e\000g\000l\001\005\000d\000\040\000b\000a\000d\000a\001\104}{section.2}% 6
\BOOKMARK [2][-]{subsection.2.2}{\376\377\000S\000z\000t\000u\000c\000z\000n\000a\000\040\000i\000n\000t\000e\000l\000i\000g\000e\000n\000c\000j\000a\000\040\000w\000\040\000r\000o\000l\000n\000i\000c\000t\000w\000i\000e}{section.2}% 7
\BOOKMARK [2][-]{subsection.2.3}{\376\377\000B\000a\000z\000y\000\040\000d\000a\000n\000y\000c\000h}{section.2}% 8
\BOOKMARK [3][-]{subsubsection.2.3.1}{\376\377\000P\000l\000a\000n\000t\000D\000o\000c\000:\000\040\000A\000\040\000D\000a\000t\000a\000s\000e\000t\000\040\000f\000o\000r\000\040\000V\000i\000s\000u\000a\000l\000\040\000P\000l\000a\000n\000t\000\040\000D\000i\000s\000e\000a\000s\000e\000\040\000D\000e\000t\000e\000c\000t\000i\000o\000n}{subsection.2.3}% 9
\BOOKMARK [3][-]{subsubsection.2.3.2}{\376\377\000P\000l\000a\000n\000t\000V\000i\000l\000l\000a\000g\000e\000\040\000D\000a\000t\000a\000s\000e\000t}{subsection.2.3}% 10
\BOOKMARK [3][-]{subsubsection.2.3.3}{\376\377\000N\000e\000w\000\040\000P\000l\000a\000n\000t\000\040\000D\000i\000s\000e\000a\000s\000e\000s\000\040\000D\000a\000t\000a\000s\000e\000t}{subsection.2.3}% 11
\BOOKMARK [2][-]{subsection.2.4}{\376\377\000P\000r\000z\000y\000k\001\102\000a\000d\000y\000\040\000a\000p\000l\000i\000k\000a\000c\000j\000i}{section.2}% 12
\BOOKMARK [3][-]{subsubsection.2.4.1}{\376\377\000P\000l\000a\000n\000t\000a\000:\000\040\000P\000l\000a\000n\000t\000\040\000\046\000\040\000G\000a\000r\000d\000e\000n\000\040\000C\000a\000r\000e}{subsection.2.4}% 13
\BOOKMARK [3][-]{subsubsection.2.4.2}{\376\377\000A\000g\000r\000i\000o\000\040\000-\000\040\000P\000l\000a\000n\000t\000\040\000d\000i\000a\000g\000n\000o\000s\000i\000s\000\040\000a\000p\000p}{subsection.2.4}% 14
\BOOKMARK [3][-]{subsubsection.2.4.3}{\376\377\000P\000l\000a\000n\000t\000N\000e\000t\000\040\000P\000l\000a\000n\000t\000\040\000I\000d\000e\000n\000t\000i\000f\000i\000c\000a\000t\000i\000o\000n}{subsection.2.4}% 15
\BOOKMARK [1][-]{section.3}{\376\377\000W\000p\000r\000o\000w\000a\000d\000z\000e\000n\000i\000e\000\040\000d\000o\000\040\000n\000a\000u\000c\000z\000a\000n\000i\000a\000\040\000m\000a\000s\000z\000y\000n\000o\000w\000e\000g\000o}{}% 16
\BOOKMARK [2][-]{subsection.3.1}{\376\377\000P\000o\000d\000s\000t\000a\000w\000o\000w\000e\000\040\000p\000o\000j\001\031\000c\000i\000a}{section.3}% 17
\BOOKMARK [3][-]{subsubsection.3.1.1}{\376\377\000U\000c\000z\000e\000n\000i\000e\000\040\000m\000a\000s\000z\000y\000n\000o\000w\000e}{subsection.3.1}% 18
\BOOKMARK [3][-]{subsubsection.3.1.2}{\376\377\000R\000o\000d\000z\000a\000j\000e\000\040\000u\000c\000z\000e\000n\000i\000a}{subsection.3.1}% 19
\BOOKMARK [3][-]{subsubsection.3.1.3}{\376\377\000K\000l\000a\000s\000y\000f\000i\000k\000a\000c\000j\000a}{subsection.3.1}% 20
\BOOKMARK [3][-]{subsubsection.3.1.4}{\376\377\000B\000a\000l\000a\000n\000s\000\040\000k\000l\000a\000s}{subsection.3.1}% 21
\BOOKMARK [3][-]{subsubsection.3.1.5}{\376\377\000R\000o\000d\000z\000a\000j\000e\000\040\000z\000b\000i\000o\000r\000\363\000w}{subsection.3.1}% 22
\BOOKMARK [3][-]{subsubsection.3.1.6}{\376\377\000G\000e\000n\000e\000r\000a\000l\000i\000z\000a\000c\000j\000a}{subsection.3.1}% 23
\BOOKMARK [3][-]{subsubsection.3.1.7}{\376\377\000P\000r\000z\000e\000u\000c\000z\000e\000n\000i\000e}{subsection.3.1}% 24
\BOOKMARK [3][-]{subsubsection.3.1.8}{\376\377\000R\000e\000g\000u\000l\000a\000r\000y\000z\000a\000c\000j\000a}{subsection.3.1}% 25
\BOOKMARK [3][-]{subsubsection.3.1.9}{\376\377\000U\000c\000z\000e\000n\000i\000e\000\040\000t\000r\000a\000n\000s\000f\000e\000r\000o\000w\000e}{subsection.3.1}% 26
\BOOKMARK [3][-]{subsubsection.3.1.10}{\376\377\000D\000o\000s\000t\000r\000a\000j\000a\000n\000i\000e\000\040\000m\000o\000d\000e\000l\000u}{subsection.3.1}% 27
\BOOKMARK [2][-]{subsection.3.2}{\376\377\000K\000l\000a\000s\000y\000c\000z\000n\000e\000\040\000m\000e\000t\000o\000d\000y\000\040\000u\000c\000z\000e\000n\000i\000a\000\040\000m\000a\000s\000z\000y\000n\000o\000w\000e\000g\000o}{section.3}% 28
\BOOKMARK [3][-]{subsubsection.3.2.1}{\376\377\000M\000a\000s\000z\000y\000n\000a\000\040\000w\000e\000k\000t\000o\000r\000\363\000w\000\040\000n\000o\001\133\000n\000y\000c\000h\000\040\000-\000\040\000S\000V\000M}{subsection.3.2}% 29
\BOOKMARK [3][-]{subsubsection.3.2.2}{\376\377\000R\000e\000g\000r\000e\000s\000j\000a\000\040\000l\000i\000n\000i\000o\000w\000a}{subsection.3.2}% 30
\BOOKMARK [3][-]{subsubsection.3.2.3}{\376\377\000D\000r\000z\000e\000w\000a\000\040\000d\000e\000c\000y\000z\000y\000j\000n\000e}{subsection.3.2}% 31
\BOOKMARK [3][-]{subsubsection.3.2.4}{\376\377\000A\000l\000g\000o\000r\000y\000t\000m\000\040\000n\000a\000j\000b\000l\000i\001\174\000s\000z\000y\000c\000h\000\040\000s\001\005\000s\000i\000a\000d\000\363\000w\000\040\000-\000\040\000k\000-\000N\000N}{subsection.3.2}% 32
\BOOKMARK [2][-]{subsection.3.3}{\376\377\000S\000z\000t\000u\000c\000z\000n\000e\000\040\000s\000i\000e\000c\000i\000\040\000n\000e\000u\000r\000o\000n\000o\000w\000e\000\040\000-\000\040\000A\000N\000N}{section.3}% 33
\BOOKMARK [3][-]{subsubsection.3.3.1}{\376\377\000P\000e\000r\000c\000e\000p\000t\000r\000o\000n}{subsection.3.3}% 34
\BOOKMARK [3][-]{subsubsection.3.3.2}{\376\377\000P\000e\000r\000c\000e\000p\000t\000r\000o\000n\000\040\000w\000i\000e\000l\000o\000w\000a\000r\000s\000t\000w\000o\000w\000y\000\040\000-\000\040\000M\000L\000P}{subsection.3.3}% 35
\BOOKMARK [2][-]{subsection.3.4}{\376\377\000U\000c\000z\000e\000n\000i\000e\000\040\000g\001\102\001\031\000b\000o\000k\000i\000e\000\040\000-\000\040\000D\000e\000e\000p\000\040\000l\000e\000a\000r\000n\000i\000n\000g}{section.3}% 36
\BOOKMARK [3][-]{subsubsection.3.4.1}{\376\377\000K\000o\000n\000w\000o\000l\000u\000c\000y\000j\000n\000e\000\040\000s\000i\000e\000c\000i\000\040\000n\000e\000u\000r\000o\000n\000o\000w\000e\000\040\000-\000\040\000C\000N\000N}{subsection.3.4}% 37
\BOOKMARK [3][-]{subsubsection.3.4.2}{\376\377\000T\000r\000a\000n\000s\000f\000o\000r\000m\000e\000r}{subsection.3.4}% 38
\BOOKMARK [3][-]{subsubsection.3.4.3}{\376\377\000R\000e\000k\000u\000r\000e\000n\000c\000y\000j\000n\000e\000\040\000s\000i\000e\000c\000i\000\040\000n\000e\000u\000r\000o\000n\000o\000w\000e\000\040\000-\000\040\000R\000N\000N}{subsection.3.4}% 39
\BOOKMARK [2][-]{subsection.3.5}{\376\377\000M\000e\000t\000r\000y\000k\000i\000\040\000e\000w\000a\000l\000u\000a\000c\000j\000i\000\040\000w\000y\000n\000i\000k\000\363\000w}{section.3}% 40
\BOOKMARK [3][-]{subsubsection.3.5.1}{\376\377\000M\000a\000c\000i\000e\000r\000z\000\040\000p\000o\000m\000y\001\102\000e\000k}{subsection.3.5}% 41
\BOOKMARK [3][-]{subsubsection.3.5.2}{\376\377\000D\000o\000k\001\102\000a\000d\000n\000o\001\133\001\007}{subsection.3.5}% 42
\BOOKMARK [3][-]{subsubsection.3.5.3}{\376\377\000P\000r\000e\000c\000y\000z\000j\000a}{subsection.3.5}% 43
\BOOKMARK [3][-]{subsubsection.3.5.4}{\376\377\000C\000z\000u\001\102\000o\001\133\001\007}{subsection.3.5}% 44
\BOOKMARK [3][-]{subsubsection.3.5.5}{\376\377\000M\000i\000a\000r\000a\000\040\000F\0001}{subsection.3.5}% 45
\BOOKMARK [1][-]{section.4}{\376\377\000M\000o\000d\000e\000l\000e}{}% 46
\BOOKMARK [2][-]{subsection.4.1}{\376\377\000M\000o\000b\000i\000l\000e\000N\000e\000t}{section.4}% 47
\BOOKMARK [2][-]{subsection.4.2}{\376\377\000V\000i\000s\000i\000o\000n\000\040\000t\000r\000a\000n\000s\000f\000o\000r\000m\000e\000r\000\040\000-\000\040\000V\000i\000T}{section.4}% 48
\BOOKMARK [2][-]{subsection.4.3}{\376\377\000R\000e\000s\000N\000e\000t}{section.4}% 49
\BOOKMARK [2][-]{subsection.4.4}{\376\377\000E\000f\000f\000i\000c\000i\000e\000n\000t\000N\000e\000t}{section.4}% 50
\BOOKMARK [2][-]{subsection.4.5}{\376\377\000D\000e\000n\000s\000e\000N\000e\000t}{section.4}% 51
\BOOKMARK [1][-]{section.5}{\376\377\000Z\000b\000i\000\363\000r\000\040\000d\000a\000n\000y\000c\000h}{}% 52
\BOOKMARK [2][-]{subsection.5.1}{\376\377\000C\000h\000a\000r\000a\000k\000t\000e\000r\000y\000s\000t\000y\000k\000a\000\040\000z\000b\000i\000o\000r\000u\000\040\000d\000a\000n\000y\000c\000h}{section.5}% 53
\BOOKMARK [2][-]{subsection.5.2}{\376\377\000A\000n\000a\000l\000i\000z\000a\000\040\000z\000e\000s\000t\000a\000w\000u}{section.5}% 54
\BOOKMARK [1][-]{section.6}{\376\377\000M\000e\000t\000o\000d\000y\000k\000a\000\040\000b\000a\000d\000a\001\104}{}% 55
\BOOKMARK [2][-]{subsection.6.1}{\376\377\001\132\000r\000o\000d\000o\000w\000i\000s\000k\000o\000\040\000b\000a\000d\000a\000w\000c\000z\000e}{section.6}% 56
\BOOKMARK [2][-]{subsection.6.2}{\376\377\000L\000i\000s\000t\000a\000\040\000m\000o\000d\000e\000l\000i\000\040\000w\000y\000k\000o\000r\000z\000y\000s\000t\000a\000n\000a\000\040\000w\000\040\000b\000a\000d\000a\000n\000i\000u}{section.6}% 57
\BOOKMARK [2][-]{subsection.6.3}{\376\377\000P\000o\000d\000z\000i\000a\001\102\000\040\000z\000b\000i\000o\000r\000\363\000w\000\040\000d\000a\000n\000y\000c\000h}{section.6}% 58
\BOOKMARK [3][-]{subsubsection.6.3.1}{\376\377\000D\000a\000n\000e\000\040\000z\000\040\000r\000\363\001\174\000n\000y\000m\000\040\000p\000r\000o\000c\000e\000n\000t\000e\000m\000\040\000u\000s\000z\000k\000o\000d\000z\000o\000n\000y\000c\000h\000\040\000d\000a\000n\000y\000c\000h}{subsection.6.3}% 59
\BOOKMARK [2][-]{subsection.6.4}{\376\377\000P\000r\000o\000c\000e\000d\000u\000r\000a\000\040\000t\000r\000e\000n\000i\000n\000g\000u}{section.6}% 60
\BOOKMARK [2][-]{subsection.6.5}{\376\377\000K\000o\000n\000f\000i\000g\000u\000r\000a\000c\000j\000a\000\040\000t\000r\000e\000n\000i\000n\000g\000u}{section.6}% 61
\BOOKMARK [3][-]{subsubsection.6.5.1}{\376\377\000A\000u\000g\000m\000e\000n\000t\000a\000c\000j\000a\000\040\000d\000a\000n\000y\000c\000h}{subsection.6.5}% 62
\BOOKMARK [3][-]{subsubsection.6.5.2}{\376\377\000P\000a\000r\000a\000m\000e\000t\000r\000y}{subsection.6.5}% 63
\BOOKMARK [3][-]{subsubsection.6.5.3}{\376\377\000W\000c\000z\000e\000s\000n\000e\000\040\000z\000a\000t\000r\000z\000y\000m\000y\000w\000a\000n\000i\000e}{subsection.6.5}% 64
\BOOKMARK [3][-]{subsubsection.6.5.4}{\376\377\000P\000r\000e\000c\000y\000z\000j\000a\000\040\000m\000i\000e\000s\000z\000a\000n\000a}{subsection.6.5}% 65
\BOOKMARK [2][-]{subsection.6.6}{\376\377\000W\000y\000k\000o\000n\000a\000n\000e\000\040\000e\000k\000s\000p\000e\000r\000y\000m\000e\000n\000t\000y}{section.6}% 66
\BOOKMARK [3][-]{subsubsection.6.6.1}{\376\377\000T\000r\000e\000n\000o\000w\000a\000n\000i\000e\000\040\000m\000o\000d\000e\000l\000i\000\040\000n\000a\000\040\000z\000b\000i\000o\000r\000a\000c\000h\000\040\000z\000\040\000r\000\363\001\174\000n\001\005\000\040\000l\000i\000c\000z\000b\001\005\000\040\000d\000a\000n\000y\000c\000h}{subsection.6.6}% 67
\BOOKMARK [3][-]{subsubsection.6.6.2}{\376\377\000T\000r\000e\000n\000o\000w\000a\000n\000i\000e\000\040\000m\000o\000d\000e\000l\000i\000\040\000n\000a\000\040\000z\000b\000i\000o\000r\000a\000c\000h\000\040\000z\000\040\000r\000\363\001\174\000n\000y\000m\000\040\000p\000r\000o\000c\000e\000n\000t\000e\000m\000\040\000u\000s\000z\000k\000o\000d\000z\000o\000n\000y\000c\000h\000\040\000d\000a\000n\000y\000c\000h}{subsection.6.6}% 68
\BOOKMARK [2][-]{subsection.6.7}{\376\377\000U\001\174\000y\000t\000e\000\040\000m\000i\000a\000r\000y}{section.6}% 69
\BOOKMARK [1][-]{section.7}{\376\377\000W\000y\000n\000i\000k\000i}{}% 70
\BOOKMARK [2][-]{subsection.7.1}{\376\377\000C\000h\000a\000r\000a\000k\000t\000e\000r\000y\000s\000t\000y\000k\000a\000\040\000b\000a\000d\000a\000n\000y\000c\000h\000\040\000m\000o\000d\000e\000l\000i}{section.7}% 71
\BOOKMARK [2][-]{subsection.7.2}{\376\377\000\040\000E\000k\000s\000p\000e\000r\000y\000m\000e\000n\000t\000\040\0001\000\040\000-\000\040\000S\000k\000a\000l\000o\000w\000a\000n\000i\000e\000\040\000e\000f\000e\000k\000t\000y\000w\000n\000o\001\133\000c\000i\000\040\000w\000z\000g\000l\001\031\000d\000e\000m\000\040\000i\000l\000o\001\133\000c\000i\000\040\000d\000a\000n\000y\000c\000h\000\040\000t\000r\000e\000n\000i\000n\000g\000o\000w\000y\000c\000h}{section.7}% 72
\BOOKMARK [2][-]{subsection.7.3}{\376\377\000\040\000E\000k\000s\000p\000e\000r\000y\000m\000e\000n\000t\000\040\0002\000\040\000-\000\040\000S\000k\000a\000l\000o\000w\000a\000n\000i\000e\000\040\000e\000f\000e\000k\000t\000y\000w\000n\000o\001\133\000c\000i\000\040\000w\000z\000g\000l\001\031\000d\000e\000m\000\040\000i\000l\000o\001\133\000c\000i\000\040\000z\000a\000s\000z\000u\000m\000i\000o\000n\000y\000c\000h\000\040\000d\000a\000n\000y\000c\000h}{section.7}% 73
\BOOKMARK [1][-]{section.8}{\376\377\000A\000n\000a\000l\000i\000z\000a\000\040\000w\000y\000n\000i\000k\000\363\000w}{}% 74
\BOOKMARK [2][-]{subsection.8.1}{\376\377\000A\000n\000a\000l\000i\000z\000a\000\040\000w\000p\001\102\000y\000w\000u\000\040\000d\000a\000n\000y\000c\000h}{section.8}% 75
\BOOKMARK [2][-]{subsection.8.2}{\376\377\000A\000n\000a\000l\000i\000z\000a\000\040\000w\000p\001\102\000y\000w\000u\000\040\000z\000a\000n\000i\000e\000c\000z\000y\000s\000z\000c\000z\000e\001\104\000\040\000w\000\040\000d\000a\000n\000y\000c\000h}{section.8}% 76
\BOOKMARK [2][-]{subsection.8.3}{\376\377\000F\000i\000n\000a\000l\000n\000a\000\040\000o\000c\000e\000n\000a\000\040\000m\000o\000d\000e\000l\000i}{section.8}% 77
\BOOKMARK [1][-]{section.9}{\376\377\000A\000p\000l\000i\000k\000a\000c\000j\000a}{}% 78
\BOOKMARK [2][-]{subsection.9.1}{\376\377\000T\000e\000c\000h\000n\000o\000l\000o\000g\000i\000e}{section.9}% 79
\BOOKMARK [2][-]{subsection.9.2}{\376\377\000I\000m\000p\000l\000e\000m\000e\000n\000t\000a\000c\000j\000a\000\040\000m\000o\000d\000e\000l\000u}{section.9}% 80
\BOOKMARK [2][-]{subsection.9.3}{\376\377\000W\000i\000d\000o\000k\000i\000\040\000i\000\040\000d\000z\000i\000a\001\102\000a\000n\000i\000e}{section.9}% 81
\BOOKMARK [1][-]{section.10}{\376\377\000P\000o\000d\000s\000u\000m\000o\000w\000a\000n\000i\000e}{}% 82
\BOOKMARK [2][-]{subsection.10.1}{\376\377\000D\000a\000l\000s\000z\000e\000\040\000k\000i\000e\000r\000u\000n\000k\000i\000\040\000b\000a\000d\000a\001\104}{section.10}% 83
\BOOKMARK [1][-]{section*.35}{\376\377\000B\000i\000b\000l\000i\000o\000g\000r\000a\000f\000i\000a}{}% 84
\BOOKMARK [1][-]{section*.36}{\376\377\000W\000y\000k\000a\000z\000\040\000s\000y\000m\000b\000o\000l\000i\000\040\000i\000\040\000s\000k\000r\000\363\000t\000\363\000w}{}% 85
\BOOKMARK [1][-]{section*.36}{\376\377\000S\000p\000i\000s\000\040\000r\000y\000s\000u\000n\000k\000\363\000w}{}% 86
\BOOKMARK [1][-]{section*.36}{\376\377\000S\000p\000i\000s\000\040\000t\000a\000b\000e\000l}{}% 87
\BOOKMARK [1][-]{section*.37}{\376\377\000S\000p\000i\000s\000\040\000z\000a\001\102\001\005\000c\000z\000n\000i\000k\000\363\000w}{}% 88
